******************************************************************************
         TMS320C54x COFF Linker PC v4.1.0                      
******************************************************************************
>> Linked Wed Mar 06 20:12:47 2019

OUTPUT FILE NAME:   <LCD.out>
ENTRY POINT SYMBOL: "RESET"  address: 00001c00


MEMORY CONFIGURATION

                  name            origin    length      used    attr    fill
         ----------------------  --------  ---------  --------  ----  --------
PAGE  0: VECT                    00001c00   00000080  00000064  RWIX
         EPROG                   00001d00   00003000  000000e1  RWIX

PAGE  1: IDATA                   00000200   00001800  00000007  RWIX
         ISTACK                  00001a00   00000200  00000000  RWIX


SECTION ALLOCATION MAP

 output                                  attributes/
section   page    origin      length       input sections
--------  ----  ----------  ----------   ----------------
.vectors   0    00001c00    00000064     
                  00001c00    00000064     vectors.obj (.vectors)

.text      0    00001d00    000000e1     
                  00001d00    000000e1     LCD.obj (.text)

.bss       1    00000000    00000000     UNINITIALIZED

.data      1    00000200    00000007     
                  00000200    00000007     LCD.obj (.data)

.stack     1    00001a00    00000000     UNINITIALIZED


GLOBAL SYMBOLS: SORTED ALPHABETICALLY BY Name 

address    name
--------   ----
00000000   .bss
00000200   .data
00001d00   .text
00001d08   OPERATION
00001c00   RESET
ffffffff   ___binit__
00000000   ___bss__
ffffffff   ___c_args__
00000200   ___data__
00000207   ___edata__
00000000   ___end__
00001de1   ___etext__
00001d00   ___text__
00000000   __lflags
ffffffff   binit
00000207   edata
00000000   end
00001de1   etext
00001d00   start


GLOBAL SYMBOLS: SORTED BY Symbol Address 

address    name
--------   ----
00000000   __lflags
00000000   ___end__
00000000   ___bss__
00000000   .bss
00000000   end
00000200   ___data__
00000200   .data
00000207   edata
00000207   ___edata__
00001c00   RESET
00001d00   ___text__
00001d00   .text
00001d00   start
00001d08   OPERATION
00001de1   ___etext__
00001de1   etext
ffffffff   ___binit__
ffffffff   ___c_args__
ffffffff   binit

[19 symbols]
