******************************************************************************
         TMS320C54x COFF Linker PC v4.1.0                      
******************************************************************************
>> Linked Wed Feb 20 20:12:27 2019

OUTPUT FILE NAME:   <div.out>
ENTRY POINT SYMBOL: "start"  address: 00001000


MEMORY CONFIGURATION

                  name            origin    length      used    attr    fill
         ----------------------  --------  ---------  --------  ----  --------
PAGE  0: PROG                    00001000   00001000  00000015  RWIX

PAGE  1: DATA                    00000100   00000900  00000004  RWIX


SECTION ALLOCATION MAP

 output                                  attributes/
section   page    origin      length       input sections
--------  ----  ----------  ----------   ----------------
.text      0    00001000    00000015     
                  00001000    00000015     div.obj (.text)

.data      1    00000000    00000000     UNINITIALIZED

.bss       1    00000000    00000000     UNINITIALIZED

div_vars   1    00000100    00000004     UNINITIALIZED
                  00000100    00000004     div.obj (div_vars)


GLOBAL SYMBOLS: SORTED ALPHABETICALLY BY Name 

address    name
--------   ----
00000000   .bss
00000000   .data
00001000   .text
ffffffff   ___binit__
00000000   ___bss__
ffffffff   ___c_args__
ffffffff   ___cinit__
00000000   ___data__
00000000   ___edata__
00000000   ___end__
00001015   ___etext__
ffffffff   ___pinit__
00001000   ___text__
00000000   __lflags
UNDEFED _c_int00
ffffffff   binit
ffffffff   cinit
00000000   edata
00000000   end
00001015   etext
ffffffff   pinit
00001000   start


GLOBAL SYMBOLS: SORTED BY Symbol Address 

address    name
--------   ----
00000000   ___edata__
00000000   ___data__
00000000   end
00000000   __lflags
00000000   edata
00000000   ___end__
00000000   .bss
00000000   .data
00000000   ___bss__
00001000   ___text__
00001000   start
00001000   .text
00001015   etext
00001015   ___etext__
ffffffff   ___c_args__
ffffffff   ___cinit__
ffffffff   ___binit__
ffffffff   pinit
ffffffff   binit
UNDEFED _c_int00
ffffffff   ___pinit__
ffffffff   cinit

[22 symbols]
