******************************************************************************
TMS320C54x COFF Linker           PC Version 3.70                
******************************************************************************
>> Linked Wed Mar 10 15:13:45 2010

OUTPUT FILE NAME:   <mul.out>
ENTRY POINT SYMBOL: "start"  address: 00001000


MEMORY CONFIGURATION

                  name            origin    length      used    attr    fill
         ----------------------  --------  ---------  --------  ----  --------
PAGE  0: PROG                    00001000   00001000  00000011  RWIX

PAGE  1: DATA                    00000100   00000900  00000003  RWIX


SECTION ALLOCATION MAP

 output                                  attributes/
section   page    origin      length       input sections
--------  ----  ----------  ----------   ----------------
.text      0    00001000    00000011     
                  00001000    00000011     mul.obj (.text)

mul_vars   1    00000100    00000003     UNINITIALIZED
                  00000100    00000003     mul.obj (mul_vars)

.data      1    00000000    00000000     UNINITIALIZED
                  00000000    00000000     mul.obj (.data)

.bss       1    00000000    00000000     UNINITIALIZED
                  00000000    00000000     mul.obj (.bss)


GLOBAL SYMBOLS: SORTED ALPHABETICALLY BY Name 

address    name
--------   ----
00000000   .bss
00000000   .data
00001000   .text
00000000   ___bss__
00000000   ___data__
00000000   ___edata__
00000000   ___end__
00001011   ___etext__
00001000   ___text__
00000000   __lflags
00000000   edata
00000000   end
00001011   etext
00001000   start


GLOBAL SYMBOLS: SORTED BY Symbol Address 

address    name
--------   ----
00000000   ___end__
00000000   ___edata__
00000000   __lflags
00000000   end
00000000   edata
00000000   .data
00000000   .bss
00000000   ___data__
00000000   ___bss__
00001000   start
00001000   ___text__
00001000   .text
00001011   ___etext__
00001011   etext

[14 symbols]
